

PASS: 0/1 tests passed, 1 discarded and 0 failed in XXs.

  ☐  Anonymous  Discarded

