

FAIL: 0/1 tests passed and 1 failed in XXs.

  ✖  Anonymous  Failed

┌────────────────────────────────────────────────────────────────────────────────────────┐
│ Failed                                                                                 │
└────────────────────────────────────────────────────────────────────────────────────────┘

  Reason:

    [3; 2; 1] <> [2; 3; 1]

  Log:

    x = 42
    y = Dummy

  Location:

    File "test/expect/fail_with_logs_and_location.ml", line 10, characters 13-20

