
0/1 tests passed and 1 failed in XXs:

  ✖  Anonymous  Failed

┌────────────────────────────────────────────────────────────────────────────────────────┐
│ Failed                                                                                 │
└────────────────────────────────────────────────────────────────────────────────────────┘

  Reason:

    [3; 2; 1] <> [2; 3; 1]

  Log:

    x = 42

  Location:

    File "test/expect/fail_with_log_and_location.ml", line 9, characters 13-20

Test Failed: 0/1 tests passed and 1 failed in XXs.

