
1/1 tests passed in XXs:

  âœ“  Anonymous  Passed 300 samples

Test Successful: 1/1 tests passed in XXs.

