
1/1 tests passed in XXs:

  âœ“  Anonymous  Passed

Test Successful: 1/1 tests passed in XXs.

